<testsuites name="results">
  <testsuite name="all" package="all">
    <property name="random_seed" value="1781113465" />
    <testcase name="test_spgemm_tc1" classname="test_dut" file="/mnt/d/BaiduSyncdisk/PROJECT/SPGEMM-Accelerator/test/test_dut.py" lineno="408" time="193.8154468536377" sim_time_ns="10001060.001" ratio_time="51600.94390491194" />
  </testsuite>
</testsuites>
